// Jest Snapshot v1, https://goo.gl/fbAQLP

exports[`<App /> renders correctly and to match snapshot 1`] = `
<div
  className="makeStyles-layout-2"
>
  <div
    className="MuiPaper-root MuiPaper-elevation MuiPaper-rounded MuiPaper-elevation2 makeStyles-container-3 css-p7cgzs-MuiPaper-root"
  >
    <div
      className="makeStyles-header-4"
    >
      <p
        className="makeStyles-headText-1"
      >
        Minesweeper
      </p>
      <p
        className="makeStyles-message-10"
      >
        
      </p>
    </div>
    <div
      className="makeStyles-content-5 makeStyles-smallContent-6"
    >
      <div
        className="ant-result ant-result-info"
      >
        <div
          className="ant-result-icon"
        >
          <span
            aria-label="smile"
            className="anticon anticon-smile"
            role="img"
          >
            <svg
              aria-hidden="true"
              data-icon="smile"
              fill="currentColor"
              focusable="false"
              height="1em"
              viewBox="64 64 896 896"
              width="1em"
            >
              <path
                d="M288 421a48 48 0 1096 0 48 48 0 10-96 0zm352 0a48 48 0 1096 0 48 48 0 10-96 0zM512 64C264.6 64 64 264.6 64 512s200.6 448 448 448 448-200.6 448-448S759.4 64 512 64zm263 711c-34.2 34.2-74 61-118.3 79.8C611 874.2 562.3 884 512 884c-50.3 0-99-9.8-144.8-29.2A370.4 370.4 0 01248.9 775c-34.2-34.2-61-74-79.8-118.3C149.8 611 140 562.3 140 512s9.8-99 29.2-144.8A370.4 370.4 0 01249 248.9c34.2-34.2 74-61 118.3-79.8C413 149.8 461.7 140 512 140c50.3 0 99 9.8 144.8 29.2A370.4 370.4 0 01775.1 249c34.2 34.2 61 74 79.8 118.3C874.2 413 884 461.7 884 512s-9.8 99-29.2 144.8A368.89 368.89 0 01775 775zM664 533h-48.1c-4.2 0-7.8 3.2-8.1 7.4C604 589.9 562.5 629 512 629s-92.1-39.1-95.8-88.6c-.3-4.2-3.9-7.4-8.1-7.4H360a8 8 0 00-8 8.4c4.4 84.3 74.5 151.6 160 151.6s155.6-67.3 160-151.6a8 8 0 00-8-8.4z"
              />
            </svg>
          </span>
        </div>
        <div
          className="ant-result-title"
        >
          Press START and start playing Minesweeper!
        </div>
      </div>
    </div>
    <div
      className="makeStyles-footer-7"
    >
      <div
        className="MuiFormControl-root MuiFormControl-fullWidth makeStyles-levelSelector-9 css-q8hpuo-MuiFormControl-root"
      >
        <label
          className="MuiInputLabel-root MuiInputLabel-formControl MuiInputLabel-animated MuiInputLabel-shrink MuiInputLabel-outlined MuiFormLabel-root MuiFormLabel-colorPrimary MuiFormLabel-filled css-1sumxir-MuiFormLabel-root-MuiInputLabel-root"
          data-shrink={true}
          id="level-select-label"
        >
          Level
        </label>
        <div
          className="MuiOutlinedInput-root MuiInputBase-root MuiInputBase-colorPrimary MuiInputBase-formControl css-9ddj71-MuiInputBase-root-MuiOutlinedInput-root"
          onClick={[Function]}
        >
          <div
            aria-expanded="false"
            aria-haspopup="listbox"
            aria-labelledby="level-select-label level-select"
            className="MuiSelect-select MuiSelect-outlined MuiOutlinedInput-input MuiInputBase-input css-11u53oe-MuiSelect-select-MuiInputBase-input-MuiOutlinedInput-input"
            id="level-select"
            onBlur={[Function]}
            onFocus={[Function]}
            onKeyDown={[Function]}
            onMouseDown={[Function]}
            role="button"
            tabIndex={0}
          >
            1
          </div>
          <input
            aria-hidden={true}
            className="MuiSelect-nativeInput css-yf8vq0-MuiSelect-nativeInput"
            disabled={false}
            onAnimationStart={[Function]}
            onChange={[Function]}
            required={false}
            tabIndex={-1}
            value="1"
          />
          <svg
            aria-hidden={true}
            className="MuiSvgIcon-root MuiSvgIcon-fontSizeMedium MuiSelect-icon MuiSelect-iconOutlined css-hfutr2-MuiSvgIcon-root-MuiSelect-icon"
            data-testid="ArrowDropDownIcon"
            focusable="false"
            viewBox="0 0 24 24"
          >
            <path
              d="M7 10l5 5 5-5z"
            />
          </svg>
          <fieldset
            aria-hidden={true}
            className="MuiOutlinedInput-notchedOutline css-1d3z3hw-MuiOutlinedInput-notchedOutline"
          >
            <legend
              className="css-1z7n62"
            >
              <span>
                Level
              </span>
            </legend>
          </fieldset>
        </div>
      </div>
      <button
        className="MuiButton-root MuiButton-contained MuiButton-containedSuccess MuiButton-sizeMedium MuiButton-containedSizeMedium MuiButtonBase-root makeStyles-startButton-8 css-ke5b6m-MuiButtonBase-root-MuiButton-root"
        data-testid="start-game-btn"
        disabled={false}
        onBlur={[Function]}
        onClick={[Function]}
        onContextMenu={[Function]}
        onDragLeave={[Function]}
        onFocus={[Function]}
        onKeyDown={[Function]}
        onKeyUp={[Function]}
        onMouseDown={[Function]}
        onMouseLeave={[Function]}
        onMouseUp={[Function]}
        onTouchEnd={[Function]}
        onTouchMove={[Function]}
        onTouchStart={[Function]}
        tabIndex={0}
        type="button"
      >
        Start
      </button>
    </div>
  </div>
</div>
`;
